// Jest Snapshot v1, https://goo.gl/fbAQLP

exports[`Testing ImageItem component renders image correctly 1`] = `ShallowWrapper {}`;

exports[`Testing ImageItem component renders image correctly 2`] = `ShallowWrapper {}`;

exports[`Testing ImageItem component renders image3 correctly 1`] = `ShallowWrapper {}`;

exports[`Testing ImageItem component renders image3 correctly 2`] = `ShallowWrapper {}`;
